// Jest Snapshot v1, https://goo.gl/fbAQLP

exports[`withProxy Should update the component when receive new props 1`] = `
<WithProxy
  param="plop"
/>
`;
