// Jest Snapshot v1, https://goo.gl/fbAQLP

exports[`Menu Should remove null Item from menu 1`] = `
<Menu
  id="foo"
>
  <div
    className="react-contexify"
    onMouseEnter={[Function]}
    onMouseLeave={[Function]}
    style={
      Object {
        "left": 0,
        "opacity": 1,
        "top": 1,
      }
    }
  >
    <div>
      <Item
        disabled={false}
        key=".$.0"
        nativeEvent={Object {}}
        onClick={[Function]}
        propsFromTrigger={Object {}}
      >
        <div
          className="react-contexify__item"
          onClick={[Function]}
          role="presentation"
        >
          <div
            className="react-contexify__item__data"
          >
            bar
          </div>
        </div>
      </Item>
    </div>
  </div>
</Menu>
`;
