// Jest Snapshot v1, https://goo.gl/fbAQLP

exports[`Submenu Should accept a custom arrow ‚û°Ô∏è 1`] = `
<Submenu
  arrow="ü¶Ñ"
  disabled={false}
  label="bar"
  nativeEvent={Object {}}
>
  <div
    className="react-contexify__item"
    role="presentation"
  >
    <div
      className="react-contexify__item__content"
      onClick={[Function]}
    >
      bar
      <span
        className="react-contexify__submenu-arrow"
      >
        ü¶Ñ
      </span>
    </div>
    <div
      className="react-contexify react-contexify__submenu"
      style={
        Object {
          "bottom": 0,
          "left": "100%",
          "right": "100%",
          "top": "initial",
        }
      }
    >
      <Children
        key=".$.0"
        nativeEvent={Object {}}
      >
        <div>
          foo
        </div>
      </Children>
    </div>
  </div>
</Submenu>
`;

exports[`Submenu Should not go offscreen 1`] = `
<Submenu
  arrow="‚ñ∂"
  disabled={false}
  label="bar"
  nativeEvent={Object {}}
>
  <div
    className="react-contexify__item"
    role="presentation"
  >
    <div
      className="react-contexify__item__content"
      onClick={[Function]}
    >
      bar
      <span
        className="react-contexify__submenu-arrow"
      >
        ‚ñ∂
      </span>
    </div>
    <div
      className="react-contexify react-contexify__submenu"
      style={
        Object {
          "bottom": 0,
          "left": "100%",
          "right": "100%",
          "top": "initial",
        }
      }
    >
      <Children
        key=".$.0"
        nativeEvent={Object {}}
      >
        <div>
          foo
        </div>
      </Children>
    </div>
  </div>
</Submenu>
`;

exports[`Submenu Should render without crash üí• 1`] = `
<Submenu
  arrow="‚ñ∂"
  disabled={false}
  label="bar"
  nativeEvent={Object {}}
>
  <div
    className="react-contexify__item"
    role="presentation"
  >
    <div
      className="react-contexify__item__content"
      onClick={[Function]}
    >
      bar
      <span
        className="react-contexify__submenu-arrow"
      >
        ‚ñ∂
      </span>
    </div>
    <div
      className="react-contexify react-contexify__submenu"
      style={
        Object {
          "bottom": "initial",
          "left": "100%",
          "top": 0,
        }
      }
    >
      <Children
        key=".$.0"
        nativeEvent={Object {}}
      >
        <div>
          foo
        </div>
      </Children>
    </div>
  </div>
</Submenu>
`;
